Archive member included because of file (symbol)

c:/winavr-20100110/bin/../lib/gcc/avr/4.3.3/avr5\libgcc.a(_udivmodhi4.o)
                              obj/df.o (__udivmodhi4)
c:/winavr-20100110/bin/../lib/gcc/avr/4.3.3/avr5\libgcc.a(_divmodhi4.o)
                              obj/EinAusgabeUSB.o (__divmodhi4)
c:/winavr-20100110/bin/../lib/gcc/avr/4.3.3/avr5\libgcc.a(_exit.o)
                              c:/winavr-20100110/bin/../lib/gcc/avr/4.3.3/../../../../avr/lib/avr5/crtm32.o (exit)
c:/winavr-20100110/bin/../lib/gcc/avr/4.3.3/avr5\libgcc.a(_copy_data.o)
                              obj/zyklus.o (__do_copy_data)
c:/winavr-20100110/bin/../lib/gcc/avr/4.3.3/avr5\libgcc.a(_clear_bss.o)
                              obj/global.o (__do_clear_bss)
c:/winavr-20100110/bin/../lib/gcc/avr/4.3.3/../../../../avr/lib/avr5\libc.a(malloc.o)
                              obj/cc-lib.o (__brkval)
c:/winavr-20100110/bin/../lib/gcc/avr/4.3.3/../../../../avr/lib/avr5\libc.a(atoi.o)
                              obj/EinAusgabeUSB.o (atoi)
c:/winavr-20100110/bin/../lib/gcc/avr/4.3.3/../../../../avr/lib/avr5\libc.a(strcat.o)
                              obj/EinAusgabeUSB.o (strcat)
c:/winavr-20100110/bin/../lib/gcc/avr/4.3.3/../../../../avr/lib/avr5\libc.a(strcpy.o)
                              obj/EinAusgabeUSB.o (strcpy)
c:/winavr-20100110/bin/../lib/gcc/avr/4.3.3/../../../../avr/lib/avr5\libc.a(itoa.o)
                              obj/EinAusgabeUSB.o (itoa)
c:/winavr-20100110/bin/../lib/gcc/avr/4.3.3/../../../../avr/lib/avr5\libc.a(mul10.o)
                              c:/winavr-20100110/bin/../lib/gcc/avr/4.3.3/../../../../avr/lib/avr5\libc.a(atoi.o) (__mulhi_const_10)
c:/winavr-20100110/bin/../lib/gcc/avr/4.3.3/../../../../avr/lib/avr5\libc.a(eerd_byte_atmega32.o)
                              obj/EinAusgabeUSB.o (__eerd_byte_m32)
c:/winavr-20100110/bin/../lib/gcc/avr/4.3.3/../../../../avr/lib/avr5\libc.a(eewr_byte_atmega32.o)
                              obj/df.o (__eewr_byte_m32)
c:/winavr-20100110/bin/../lib/gcc/avr/4.3.3/../../../../avr/lib/avr5\libc.a(strrev.o)
                              c:/winavr-20100110/bin/../lib/gcc/avr/4.3.3/../../../../avr/lib/avr5\libc.a(itoa.o) (strrev)

Allocating common symbols
Common symbol       size              file

servoG              0x2               obj/global.o
hAS                 0x2               obj/df.o
analogwertAkku      0x2               obj/global.o
abstandlinks        0x2               obj/global.o
hAV                 0x2               obj/df.o
analogwertV         0x2               obj/global.o
abstandrechts       0x2               obj/global.o
__brkval            0x2               c:/winavr-20100110/bin/../lib/gcc/avr/4.3.3/../../../../avr/lib/avr5\libc.a(malloc.o)
analogwertL         0x2               obj/global.o
hAL                 0x2               obj/df.o
wert                0x2               obj/global.o
maxFahr             0x1               obj/global.o
y                   0x2               obj/global.o
servoMR             0x2               obj/global.o
hAFR                0x2               obj/df.o
befehl              0x1               obj/global.o
analogwertR         0x2               obj/global.o
hAR                 0x2               obj/df.o
texth               0x19              obj/global.o
servoML             0x2               obj/global.o
__flp               0x2               c:/winavr-20100110/bin/../lib/gcc/avr/4.3.3/../../../../avr/lib/avr5\libc.a(malloc.o)
e                   0x2               obj/global.o
convert             0x2               obj/global.o
zeichen             0x1               obj/global.o
abstandvorne        0x2               obj/global.o
eingabe             0x19              obj/global.o

Memory Configuration

Name             Origin             Length             Attributes
text             0x00000000         0x00020000         xr
data             0x00800060         0x0000ffa0         rw !x
eeprom           0x00810000         0x00010000         rw !x
fuse             0x00820000         0x00000400         rw !x
lock             0x00830000         0x00000400         rw !x
signature        0x00840000         0x00000400         rw !x
*default*        0x00000000         0xffffffff

Linker script and memory map

LOAD c:/winavr-20100110/bin/../lib/gcc/avr/4.3.3/../../../../avr/lib/avr5/crtm32.o
LOAD obj/CrazyCar-V1.31.o
LOAD obj/pwm.o
LOAD obj/adc.o
LOAD obj/zyklus.o
LOAD obj/global.o
LOAD obj/uart.o
LOAD obj/df.o
LOAD obj/EinAusgabeUSB.o
LOAD obj/myFunktions.o
LOAD obj/cc-lib.o
LOAD c:/winavr-20100110/bin/../lib/gcc/avr/4.3.3/../../../../avr/lib/avr5\libm.a
LOAD c:/winavr-20100110/bin/../lib/gcc/avr/4.3.3/avr5\libgcc.a
LOAD c:/winavr-20100110/bin/../lib/gcc/avr/4.3.3/../../../../avr/lib/avr5\libc.a
LOAD c:/winavr-20100110/bin/../lib/gcc/avr/4.3.3/avr5\libgcc.a

.hash
 *(.hash)

.dynsym
 *(.dynsym)

.dynstr
 *(.dynstr)

.gnu.version
 *(.gnu.version)

.gnu.version_d
 *(.gnu.version_d)

.gnu.version_r
 *(.gnu.version_r)

.rel.init
 *(.rel.init)

.rela.init
 *(.rela.init)

.rel.text
 *(.rel.text)
 *(.rel.text.*)
 *(.rel.gnu.linkonce.t*)

.rela.text
 *(.rela.text)
 *(.rela.text.*)
 *(.rela.gnu.linkonce.t*)

.rel.fini
 *(.rel.fini)

.rela.fini
 *(.rela.fini)

.rel.rodata
 *(.rel.rodata)
 *(.rel.rodata.*)
 *(.rel.gnu.linkonce.r*)

.rela.rodata
 *(.rela.rodata)
 *(.rela.rodata.*)
 *(.rela.gnu.linkonce.r*)

.rel.data
 *(.rel.data)
 *(.rel.data.*)
 *(.rel.gnu.linkonce.d*)

.rela.data
 *(.rela.data)
 *(.rela.data.*)
 *(.rela.gnu.linkonce.d*)

.rel.ctors
 *(.rel.ctors)

.rela.ctors
 *(.rela.ctors)

.rel.dtors
 *(.rel.dtors)

.rela.dtors
 *(.rela.dtors)

.rel.got
 *(.rel.got)

.rela.got
 *(.rela.got)

.rel.bss
 *(.rel.bss)

.rela.bss
 *(.rela.bss)

.rel.plt
 *(.rel.plt)

.rela.plt
 *(.rela.plt)

.text           0x00000000     0x1e38
 *(.vectors)
 .vectors       0x00000000       0x54 c:/winavr-20100110/bin/../lib/gcc/avr/4.3.3/../../../../avr/lib/avr5/crtm32.o
                0x00000000                __vectors
                0x00000000                __vector_default
 *(.vectors)
 *(.progmem.gcc*)
 *(.progmem*)
                0x00000054                . = ALIGN (0x2)
                0x00000054                __trampolines_start = .
 *(.trampolines)
 .trampolines   0x00000054        0x0 linker stubs
 *(.trampolines*)
                0x00000054                __trampolines_end = .
 *(.jumptables)
 *(.jumptables*)
 *(.lowtext)
 *(.lowtext*)
                0x00000054                __ctors_start = .
 *(.ctors)
                0x00000054                __ctors_end = .
                0x00000054                __dtors_start = .
 *(.dtors)
                0x00000054                __dtors_end = .
 SORT(*)(.ctors)
 SORT(*)(.dtors)
 *(.init0)
 .init0         0x00000054        0x0 c:/winavr-20100110/bin/../lib/gcc/avr/4.3.3/../../../../avr/lib/avr5/crtm32.o
                0x00000054                __init
 *(.init0)
 *(.init1)
 *(.init1)
 *(.init2)
 .init2         0x00000054        0xc c:/winavr-20100110/bin/../lib/gcc/avr/4.3.3/../../../../avr/lib/avr5/crtm32.o
 *(.init2)
 *(.init3)
 *(.init3)
 *(.init4)
 .init4         0x00000060       0x16 c:/winavr-20100110/bin/../lib/gcc/avr/4.3.3/avr5\libgcc.a(_copy_data.o)
                0x00000060                __do_copy_data
 .init4         0x00000076       0x10 c:/winavr-20100110/bin/../lib/gcc/avr/4.3.3/avr5\libgcc.a(_clear_bss.o)
                0x00000076                __do_clear_bss
 *(.init4)
 *(.init5)
 *(.init5)
 *(.init6)
 *(.init6)
 *(.init7)
 *(.init7)
 *(.init8)
 *(.init8)
 *(.init9)
 .init9         0x00000086        0x8 c:/winavr-20100110/bin/../lib/gcc/avr/4.3.3/../../../../avr/lib/avr5/crtm32.o
 *(.init9)
 *(.text)
 .text          0x0000008e        0x4 c:/winavr-20100110/bin/../lib/gcc/avr/4.3.3/../../../../avr/lib/avr5/crtm32.o
                0x0000008e                __vector_1
                0x0000008e                __vector_12
                0x0000008e                __bad_interrupt
                0x0000008e                __vector_6
                0x0000008e                __vector_3
                0x0000008e                __vector_11
                0x0000008e                __vector_17
                0x0000008e                __vector_19
                0x0000008e                __vector_7
                0x0000008e                __vector_5
                0x0000008e                __vector_9
                0x0000008e                __vector_2
                0x0000008e                __vector_15
                0x0000008e                __vector_8
                0x0000008e                __vector_10
                0x0000008e                __vector_16
                0x0000008e                __vector_18
                0x0000008e                __vector_20
 .text          0x00000092      0x1f8 obj/CrazyCar-V1.31.o
                0x00000092                main
 .text          0x0000028a       0x1a obj/pwm.o
                0x0000028a                pwm_init
 .text          0x000002a4       0x32 obj/adc.o
                0x000002b2                adc
                0x000002a4                adc_init
 .text          0x000002d6       0x64 obj/zyklus.o
                0x00000304                init_Timer2
                0x00000318                init_pwm
                0x000002d6                __vector_4
 .text          0x0000033a        0x0 obj/global.o
 .text          0x0000033a      0x15a obj/uart.o
                0x0000045e                uart_puts
                0x00000478                uart_puts_p
                0x0000033a                __vector_13
                0x000003d8                uart_init
                0x00000400                uart_getc
                0x0000043a                uart_putc
                0x0000038e                __vector_14
 .text          0x00000494      0x546 obj/df.o
                0x00000600                terminal_aktiv
                0x000004e2                ledPB2
                0x0000097e                initMikroController
                0x00000564                ledPB1_flash
                0x00000506                s1
                0x0000066a                datenspeichern
                0x00000588                ledPB2_flash
                0x00000494                warte_sekunden
                0x000004d6                ledPB1
                0x0000054c                s4
                0x000004bc                warte_ms
                0x000004fa                ledPC3
                0x0000051c                s2
                0x000005d0                ledPC3_flash
                0x000005ac                ledPC2_flash
                0x00000534                s3
                0x000004ee                ledPC2
 .text          0x000009da      0xad2 obj/EinAusgabeUSB.o
                0x000009da                pruefeWerteBereich
                0x000009fc                getServo
                0x00000a6a                getFahr
                0x00000a9e                ausgabehistory
                0x000011e0                eingabeUSB
                0x00000e04                ausgabeUSB2
 .text          0x000014ac      0x2f4 obj/myFunktions.o
                0x000014ac                fahren2
                0x000014ec                linearisierungAD_rechts
                0x00001564                linearisierungAD
                0x000014b0                linearisierungAD_links
                0x000015a0                pReglerServoRechts
                0x00001528                linearisierungAD_vorne
                0x0000164c                akkuSpannungPruefen
                0x000014ae                fahren3
                0x000016c8                fahren1
                0x000015d4                ledSchalterTest
 .text          0x000017a0      0x340 obj/cc-lib.o
                0x00001894                initFahr
                0x0000189a                freeRam
                0x00001970                testServo
                0x000017f6                servo
                0x000017a0                initServo
                0x000018d6                rueckwaerts
                0x00001916                fahr
 .text          0x00001ae0        0x0 c:/winavr-20100110/bin/../lib/gcc/avr/4.3.3/avr5\libgcc.a(_udivmodhi4.o)
 .text          0x00001ae0        0x0 c:/winavr-20100110/bin/../lib/gcc/avr/4.3.3/avr5\libgcc.a(_divmodhi4.o)
 .text          0x00001ae0        0x0 c:/winavr-20100110/bin/../lib/gcc/avr/4.3.3/avr5\libgcc.a(_exit.o)
 .text          0x00001ae0        0x0 c:/winavr-20100110/bin/../lib/gcc/avr/4.3.3/avr5\libgcc.a(_copy_data.o)
 .text          0x00001ae0        0x0 c:/winavr-20100110/bin/../lib/gcc/avr/4.3.3/avr5\libgcc.a(_clear_bss.o)
 .text          0x00001ae0        0x0 c:/winavr-20100110/bin/../lib/gcc/avr/4.3.3/../../../../avr/lib/avr5\libc.a(malloc.o)
 .text          0x00001ae0        0x0 c:/winavr-20100110/bin/../lib/gcc/avr/4.3.3/../../../../avr/lib/avr5\libc.a(atoi.o)
 .text          0x00001ae0        0x0 c:/winavr-20100110/bin/../lib/gcc/avr/4.3.3/../../../../avr/lib/avr5\libc.a(strcat.o)
 .text          0x00001ae0        0x0 c:/winavr-20100110/bin/../lib/gcc/avr/4.3.3/../../../../avr/lib/avr5\libc.a(strcpy.o)
 .text          0x00001ae0        0x0 c:/winavr-20100110/bin/../lib/gcc/avr/4.3.3/../../../../avr/lib/avr5\libc.a(itoa.o)
 .text          0x00001ae0        0x0 c:/winavr-20100110/bin/../lib/gcc/avr/4.3.3/../../../../avr/lib/avr5\libc.a(mul10.o)
 .text          0x00001ae0        0x0 c:/winavr-20100110/bin/../lib/gcc/avr/4.3.3/../../../../avr/lib/avr5\libc.a(eerd_byte_atmega32.o)
 .text          0x00001ae0        0x0 c:/winavr-20100110/bin/../lib/gcc/avr/4.3.3/../../../../avr/lib/avr5\libc.a(eewr_byte_atmega32.o)
 .text          0x00001ae0        0x0 c:/winavr-20100110/bin/../lib/gcc/avr/4.3.3/../../../../avr/lib/avr5\libc.a(strrev.o)
                0x00001ae0                . = ALIGN (0x2)
 *(.text.*)
 .text.libgcc   0x00001ae0       0x28 c:/winavr-20100110/bin/../lib/gcc/avr/4.3.3/avr5\libgcc.a(_udivmodhi4.o)
                0x00001ae0                __udivmodhi4
 .text.libgcc   0x00001b08       0x26 c:/winavr-20100110/bin/../lib/gcc/avr/4.3.3/avr5\libgcc.a(_divmodhi4.o)
                0x00001b08                __divmodhi4
                0x00001b08                _div
 .text.libgcc   0x00001b2e        0x0 c:/winavr-20100110/bin/../lib/gcc/avr/4.3.3/avr5\libgcc.a(_exit.o)
 .text.libgcc   0x00001b2e        0x0 c:/winavr-20100110/bin/../lib/gcc/avr/4.3.3/avr5\libgcc.a(_copy_data.o)
 .text.libgcc   0x00001b2e        0x0 c:/winavr-20100110/bin/../lib/gcc/avr/4.3.3/avr5\libgcc.a(_clear_bss.o)
 .text.avr-libc
                0x00001b2e      0x20a c:/winavr-20100110/bin/../lib/gcc/avr/4.3.3/../../../../avr/lib/avr5\libc.a(malloc.o)
                0x00001b2e                malloc
                0x00001c88                free
 .text.avr-libc
                0x00001d38       0x3c c:/winavr-20100110/bin/../lib/gcc/avr/4.3.3/../../../../avr/lib/avr5\libc.a(atoi.o)
                0x00001d38                atoi
 .text.avr-libc
                0x00001d74       0x16 c:/winavr-20100110/bin/../lib/gcc/avr/4.3.3/../../../../avr/lib/avr5\libc.a(strcat.o)
                0x00001d74                strcat
 .text.avr-libc
                0x00001d8a        0xe c:/winavr-20100110/bin/../lib/gcc/avr/4.3.3/../../../../avr/lib/avr5\libc.a(strcpy.o)
                0x00001d8a                strcpy
 .text.avr-libc
                0x00001d98       0x42 c:/winavr-20100110/bin/../lib/gcc/avr/4.3.3/../../../../avr/lib/avr5\libc.a(itoa.o)
                0x00001d98                itoa
 .text.avr-libc
                0x00001dda       0x10 c:/winavr-20100110/bin/../lib/gcc/avr/4.3.3/../../../../avr/lib/avr5\libc.a(mul10.o)
                0x00001dda                __mulhi_const_10
 .text.avr-libc
                0x00001dea       0x10 c:/winavr-20100110/bin/../lib/gcc/avr/4.3.3/../../../../avr/lib/avr5\libc.a(eerd_byte_atmega32.o)
                0x00001dea                __eerd_byte_m32
 .text.avr-libc
                0x00001dfa       0x1a c:/winavr-20100110/bin/../lib/gcc/avr/4.3.3/../../../../avr/lib/avr5\libc.a(eewr_byte_atmega32.o)
                0x00001dfc                __eewr_r18_m32
                0x00001dfa                __eewr_byte_m32
 .text.avr-libc
                0x00001e14       0x20 c:/winavr-20100110/bin/../lib/gcc/avr/4.3.3/../../../../avr/lib/avr5\libc.a(strrev.o)
                0x00001e14                strrev
                0x00001e34                . = ALIGN (0x2)
 *(.fini9)
 .fini9         0x00001e34        0x0 c:/winavr-20100110/bin/../lib/gcc/avr/4.3.3/avr5\libgcc.a(_exit.o)
                0x00001e34                exit
                0x00001e34                _exit
 *(.fini9)
 *(.fini8)
 *(.fini8)
 *(.fini7)
 *(.fini7)
 *(.fini6)
 *(.fini6)
 *(.fini5)
 *(.fini5)
 *(.fini4)
 *(.fini4)
 *(.fini3)
 *(.fini3)
 *(.fini2)
 *(.fini2)
 *(.fini1)
 *(.fini1)
 *(.fini0)
 .fini0         0x00001e34        0x4 c:/winavr-20100110/bin/../lib/gcc/avr/4.3.3/avr5\libgcc.a(_exit.o)
 *(.fini0)
                0x00001e38                _etext = .

.data           0x00800060      0x10c load address 0x00001e38
                0x00800060                PROVIDE (__data_start, .)
 *(.data)
 .data          0x00800060        0x0 c:/winavr-20100110/bin/../lib/gcc/avr/4.3.3/../../../../avr/lib/avr5/crtm32.o
 .data          0x00800060        0x0 obj/CrazyCar-V1.31.o
 .data          0x00800060        0x0 obj/pwm.o
 .data          0x00800060        0x0 obj/adc.o
 .data          0x00800060        0x2 obj/zyklus.o
                0x00800060                cnt1_top
 .data          0x00800062       0x7b obj/global.o
                0x0080007d                kommandoText
                0x008000d7                b
                0x00800076                abtastzeitMAXText
                0x00800086                info1kommandos
                0x008000d5                m2
                0x008000bf                tab
                0x008000d9                sollwert
                0x0080006d                freeRAMText
                0x008000db                blinkT
                0x00800062                anzahl
                0x0080009e                kommandos
                0x008000c5                text4
                0x008000d3                m1
                0x008000ca                textF
                0x008000ba                modTEXT
                0x008000c1                text3
                0x00800063                welcome
 .data          0x008000dd        0x0 obj/uart.o
 .data          0x008000dd        0x2 obj/df.o
                0x008000dd                datenSatzZaehler
 .data          0x008000df       0x6f obj/EinAusgabeUSB.o
 .data          0x0080014e        0x0 obj/myFunktions.o
 .data          0x0080014e       0x18 obj/cc-lib.o
 .data          0x00800166        0x0 c:/winavr-20100110/bin/../lib/gcc/avr/4.3.3/avr5\libgcc.a(_udivmodhi4.o)
 .data          0x00800166        0x0 c:/winavr-20100110/bin/../lib/gcc/avr/4.3.3/avr5\libgcc.a(_divmodhi4.o)
 .data          0x00800166        0x0 c:/winavr-20100110/bin/../lib/gcc/avr/4.3.3/avr5\libgcc.a(_exit.o)
 .data          0x00800166        0x0 c:/winavr-20100110/bin/../lib/gcc/avr/4.3.3/avr5\libgcc.a(_copy_data.o)
 .data          0x00800166        0x0 c:/winavr-20100110/bin/../lib/gcc/avr/4.3.3/avr5\libgcc.a(_clear_bss.o)
 .data          0x00800166        0x6 c:/winavr-20100110/bin/../lib/gcc/avr/4.3.3/../../../../avr/lib/avr5\libc.a(malloc.o)
                0x00800168                __malloc_heap_start
                0x0080016a                __malloc_heap_end
                0x00800166                __malloc_margin
 .data          0x0080016c        0x0 c:/winavr-20100110/bin/../lib/gcc/avr/4.3.3/../../../../avr/lib/avr5\libc.a(atoi.o)
 .data          0x0080016c        0x0 c:/winavr-20100110/bin/../lib/gcc/avr/4.3.3/../../../../avr/lib/avr5\libc.a(strcat.o)
 .data          0x0080016c        0x0 c:/winavr-20100110/bin/../lib/gcc/avr/4.3.3/../../../../avr/lib/avr5\libc.a(strcpy.o)
 .data          0x0080016c        0x0 c:/winavr-20100110/bin/../lib/gcc/avr/4.3.3/../../../../avr/lib/avr5\libc.a(itoa.o)
 .data          0x0080016c        0x0 c:/winavr-20100110/bin/../lib/gcc/avr/4.3.3/../../../../avr/lib/avr5\libc.a(mul10.o)
 .data          0x0080016c        0x0 c:/winavr-20100110/bin/../lib/gcc/avr/4.3.3/../../../../avr/lib/avr5\libc.a(eerd_byte_atmega32.o)
 .data          0x0080016c        0x0 c:/winavr-20100110/bin/../lib/gcc/avr/4.3.3/../../../../avr/lib/avr5\libc.a(eewr_byte_atmega32.o)
 .data          0x0080016c        0x0 c:/winavr-20100110/bin/../lib/gcc/avr/4.3.3/../../../../avr/lib/avr5\libc.a(strrev.o)
 *(.data*)
 *(.rodata)
 *(.rodata*)
 *(.gnu.linkonce.d*)
                0x0080016c                . = ALIGN (0x2)
                0x0080016c                _edata = .
                0x0080016c                PROVIDE (__data_end, .)

.bss            0x0080016c       0xdc
                0x0080016c                PROVIDE (__bss_start, .)
 *(.bss)
 .bss           0x0080016c        0x0 c:/winavr-20100110/bin/../lib/gcc/avr/4.3.3/../../../../avr/lib/avr5/crtm32.o
 .bss           0x0080016c        0x0 obj/CrazyCar-V1.31.o
 .bss           0x0080016c        0x0 obj/pwm.o
 .bss           0x0080016c        0x0 obj/adc.o
 .bss           0x0080016c        0x0 obj/zyklus.o
 .bss           0x0080016c       0x23 obj/global.o
                0x00800187                logOnOff
                0x00800176                OutV
                0x00800186                j
                0x00800184                OutHFR
                0x0080016e                abtastzeitMAX
                0x0080016c                abtastzeit
                0x0080018b                hspStart
                0x0080017a                OutFR
                0x00800182                OutHS
                0x00800180                OutHV
                0x00800189                history
                0x0080018c                mod
                0x0080018a                logStart
                0x00800172                OutL
                0x0080017e                OutHR
                0x00800178                OutS
                0x0080018d                kommand
                0x0080017c                OutHL
                0x00800170                hAabtastzeit
                0x00800174                OutR
                0x00800188                logCmOnOff
 .bss           0x0080018f       0x45 obj/uart.o
 .bss           0x008001d4        0xb obj/df.o
                0x008001dc                historyAverageFR
                0x008001d6                historyAverageR
                0x008001d4                historyAverageL
                0x008001de                historyDepthPointer
                0x008001d8                historyAverageV
                0x008001da                historyAverageS
 .bss           0x008001df        0x0 obj/EinAusgabeUSB.o
 .bss           0x008001df        0xa obj/myFunktions.o
                0x008001e7                back
                0x008001df                histerese
                0x008001e3                av
                0x008001e5                al
                0x008001e1                ar
 .bss           0x008001e9        0x0 obj/cc-lib.o
 .bss           0x008001e9        0x0 c:/winavr-20100110/bin/../lib/gcc/avr/4.3.3/avr5\libgcc.a(_udivmodhi4.o)
 .bss           0x008001e9        0x0 c:/winavr-20100110/bin/../lib/gcc/avr/4.3.3/avr5\libgcc.a(_divmodhi4.o)
 .bss           0x008001e9        0x0 c:/winavr-20100110/bin/../lib/gcc/avr/4.3.3/avr5\libgcc.a(_exit.o)
 .bss           0x008001e9        0x0 c:/winavr-20100110/bin/../lib/gcc/avr/4.3.3/avr5\libgcc.a(_copy_data.o)
 .bss           0x008001e9        0x0 c:/winavr-20100110/bin/../lib/gcc/avr/4.3.3/avr5\libgcc.a(_clear_bss.o)
 .bss           0x008001e9        0x0 c:/winavr-20100110/bin/../lib/gcc/avr/4.3.3/../../../../avr/lib/avr5\libc.a(malloc.o)
 .bss           0x008001e9        0x0 c:/winavr-20100110/bin/../lib/gcc/avr/4.3.3/../../../../avr/lib/avr5\libc.a(atoi.o)
 .bss           0x008001e9        0x0 c:/winavr-20100110/bin/../lib/gcc/avr/4.3.3/../../../../avr/lib/avr5\libc.a(strcat.o)
 .bss           0x008001e9        0x0 c:/winavr-20100110/bin/../lib/gcc/avr/4.3.3/../../../../avr/lib/avr5\libc.a(strcpy.o)
 .bss           0x008001e9        0x0 c:/winavr-20100110/bin/../lib/gcc/avr/4.3.3/../../../../avr/lib/avr5\libc.a(itoa.o)
 .bss           0x008001e9        0x0 c:/winavr-20100110/bin/../lib/gcc/avr/4.3.3/../../../../avr/lib/avr5\libc.a(mul10.o)
 .bss           0x008001e9        0x0 c:/winavr-20100110/bin/../lib/gcc/avr/4.3.3/../../../../avr/lib/avr5\libc.a(eerd_byte_atmega32.o)
 .bss           0x008001e9        0x0 c:/winavr-20100110/bin/../lib/gcc/avr/4.3.3/../../../../avr/lib/avr5\libc.a(eewr_byte_atmega32.o)
 .bss           0x008001e9        0x0 c:/winavr-20100110/bin/../lib/gcc/avr/4.3.3/../../../../avr/lib/avr5\libc.a(strrev.o)
 *(.bss*)
 *(COMMON)
 COMMON         0x008001e9       0x51 obj/global.o
                0x008001e9                servoG
                0x008001eb                analogwertAkku
                0x008001ed                abstandlinks
                0x008001ef                analogwertV
                0x008001f1                abstandrechts
                0x008001f3                analogwertL
                0x008001f5                wert
                0x008001f7                maxFahr
                0x008001f8                y
                0x008001fa                servoMR
                0x008001fc                befehl
                0x008001fd                analogwertR
                0x008001ff                texth
                0x00800218                servoML
                0x0080021a                e
                0x0080021c                convert
                0x0080021e                zeichen
                0x0080021f                abstandvorne
                0x00800221                eingabe
 COMMON         0x0080023a        0xa obj/df.o
                0x0080023a                hAS
                0x0080023c                hAV
                0x0080023e                hAL
                0x00800240                hAFR
                0x00800242                hAR
 COMMON         0x00800244        0x4 c:/winavr-20100110/bin/../lib/gcc/avr/4.3.3/../../../../avr/lib/avr5\libc.a(malloc.o)
                0x00800244                __brkval
                0x00800246                __flp
                0x00800248                PROVIDE (__bss_end, .)
                0x00001e38                __data_load_start = LOADADDR (.data)
                0x00001f44                __data_load_end = (__data_load_start + SIZEOF (.data))

.noinit         0x00800248        0x0
                0x00800248                PROVIDE (__noinit_start, .)
 *(.noinit*)
                0x00800248                PROVIDE (__noinit_end, .)
                0x00800248                _end = .
                0x00800248                PROVIDE (__heap_start, .)

.eeprom         0x00810000      0x12e
 *(.eeprom*)
 .eeprom        0x00810000      0x12e obj/df.o
                0x008100f0                historyDepthFR
                0x00810000                historyDepthL
                0x00810078                historyDepthV
                0x008100b4                historyDepthS
                0x0081012c                historyAzMAX
                0x0081003c                historyDepthR
                0x0081012e                __eeprom_end = .

.fuse
 *(.fuse)
 *(.lfuse)
 *(.hfuse)
 *(.efuse)

.lock
 *(.lock*)

.signature
 *(.signature*)

.stab
 *(.stab)

.stabstr
 *(.stabstr)

.stab.excl
 *(.stab.excl)

.stab.exclstr
 *(.stab.exclstr)

.stab.index
 *(.stab.index)

.stab.indexstr
 *(.stab.indexstr)

.comment
 *(.comment)

.debug
 *(.debug)

.line
 *(.line)

.debug_srcinfo
 *(.debug_srcinfo)

.debug_sfnames
 *(.debug_sfnames)

.debug_aranges  0x00000000      0x120
 *(.debug_aranges)
 .debug_aranges
                0x00000000       0x20 obj/CrazyCar-V1.31.o
 .debug_aranges
                0x00000020       0x20 obj/pwm.o
 .debug_aranges
                0x00000040       0x20 obj/adc.o
 .debug_aranges
                0x00000060       0x20 obj/zyklus.o
 .debug_aranges
                0x00000080       0x20 obj/uart.o
 .debug_aranges
                0x000000a0       0x20 obj/df.o
 .debug_aranges
                0x000000c0       0x20 obj/EinAusgabeUSB.o
 .debug_aranges
                0x000000e0       0x20 obj/myFunktions.o
 .debug_aranges
                0x00000100       0x20 obj/cc-lib.o

.debug_pubnames
                0x00000000      0x7fe
 *(.debug_pubnames)
 .debug_pubnames
                0x00000000       0x1b obj/CrazyCar-V1.31.o
 .debug_pubnames
                0x0000001b       0x1f obj/pwm.o
 .debug_pubnames
                0x0000003a       0x27 obj/adc.o
 .debug_pubnames
                0x00000061       0x4b obj/zyklus.o
 .debug_pubnames
                0x000000ac      0x2cb obj/global.o
 .debug_pubnames
                0x00000377       0x7a obj/uart.o
 .debug_pubnames
                0x000003f1      0x223 obj/df.o
 .debug_pubnames
                0x00000614       0x74 obj/EinAusgabeUSB.o
 .debug_pubnames
                0x00000688      0x10c obj/myFunktions.o
 .debug_pubnames
                0x00000794       0x6a obj/cc-lib.o

.debug_info     0x00000000     0x1d70
 *(.debug_info)
 .debug_info    0x00000000      0x136 obj/CrazyCar-V1.31.o
 .debug_info    0x00000136       0x72 obj/pwm.o
 .debug_info    0x000001a8       0xc7 obj/adc.o
 .debug_info    0x0000026f       0xc7 obj/zyklus.o
 .debug_info    0x00000336      0x58a obj/global.o
 .debug_info    0x000008c0      0x2b4 obj/uart.o
 .debug_info    0x00000b74      0x716 obj/df.o
 .debug_info    0x0000128a      0x501 obj/EinAusgabeUSB.o
 .debug_info    0x0000178b      0x311 obj/myFunktions.o
 .debug_info    0x00001a9c      0x2d4 obj/cc-lib.o
 *(.gnu.linkonce.wi.*)

.debug_abbrev   0x00000000      0x88a
 *(.debug_abbrev)
 .debug_abbrev  0x00000000       0x79 obj/CrazyCar-V1.31.o
 .debug_abbrev  0x00000079       0x3f obj/pwm.o
 .debug_abbrev  0x000000b8       0x8e obj/adc.o
 .debug_abbrev  0x00000146       0x77 obj/zyklus.o
 .debug_abbrev  0x000001bd       0x97 obj/global.o
 .debug_abbrev  0x00000254       0xfa obj/uart.o
 .debug_abbrev  0x0000034e      0x1c9 obj/df.o
 .debug_abbrev  0x00000517      0x172 obj/EinAusgabeUSB.o
 .debug_abbrev  0x00000689       0xfd obj/myFunktions.o
 .debug_abbrev  0x00000786      0x104 obj/cc-lib.o

.debug_line     0x00000000     0x18a7
 *(.debug_line)
 .debug_line    0x00000000      0x20f obj/CrazyCar-V1.31.o
 .debug_line    0x0000020f       0x77 obj/pwm.o
 .debug_line    0x00000286       0xf0 obj/adc.o
 .debug_line    0x00000376      0x10f obj/zyklus.o
 .debug_line    0x00000485       0x8f obj/global.o
 .debug_line    0x00000514      0x219 obj/uart.o
 .debug_line    0x0000072d      0x4af obj/df.o
 .debug_line    0x00000bdc      0x734 obj/EinAusgabeUSB.o
 .debug_line    0x00001310      0x2e1 obj/myFunktions.o
 .debug_line    0x000015f1      0x2b6 obj/cc-lib.o

.debug_frame    0x00000000      0x3f0
 *(.debug_frame)
 .debug_frame   0x00000000       0x20 obj/CrazyCar-V1.31.o
 .debug_frame   0x00000020       0x20 obj/pwm.o
 .debug_frame   0x00000040       0x30 obj/adc.o
 .debug_frame   0x00000070       0x40 obj/zyklus.o
 .debug_frame   0x000000b0       0x80 obj/uart.o
 .debug_frame   0x00000130      0x120 obj/df.o
 .debug_frame   0x00000250       0x70 obj/EinAusgabeUSB.o
 .debug_frame   0x000002c0       0xb0 obj/myFunktions.o
 .debug_frame   0x00000370       0x80 obj/cc-lib.o

.debug_str      0x00000000      0x71e
 *(.debug_str)
 .debug_str     0x00000000      0x116 obj/CrazyCar-V1.31.o
                                0x15c (size before relaxing)
 .debug_str     0x00000116        0xf obj/pwm.o
                                 0xa9 (size before relaxing)
 .debug_str     0x00000125        0xf obj/adc.o
                                 0xba (size before relaxing)
 .debug_str     0x00000134       0x32 obj/zyklus.o
                                 0xe0 (size before relaxing)
 .debug_str     0x00000166      0x14d obj/global.o
                                0x292 (size before relaxing)
 .debug_str     0x000002b3       0xf7 obj/uart.o
                                0x1a7 (size before relaxing)
 .debug_str     0x000003aa      0x195 obj/df.o
                                0x318 (size before relaxing)
 .debug_str     0x0000053f       0x79 obj/EinAusgabeUSB.o
                                0x302 (size before relaxing)
 .debug_str     0x000005b8       0xec obj/myFunktions.o
                                0x1dd (size before relaxing)
 .debug_str     0x000006a4       0x7a obj/cc-lib.o
                                0x184 (size before relaxing)

.debug_loc      0x00000000      0x660
 *(.debug_loc)
 .debug_loc     0x00000000       0x26 obj/adc.o
 .debug_loc     0x00000026      0x164 obj/uart.o
 .debug_loc     0x0000018a       0x96 obj/df.o
 .debug_loc     0x00000220      0x140 obj/EinAusgabeUSB.o
 .debug_loc     0x00000360      0x1c0 obj/myFunktions.o
 .debug_loc     0x00000520      0x140 obj/cc-lib.o

.debug_macinfo
 *(.debug_macinfo)
OUTPUT(CrazyCar-V1.31.elf elf32-avr)
LOAD linker stubs

.debug_ranges   0x00000000       0x60
 .debug_ranges  0x00000000       0x60 obj/df.o

Cross Reference Table

Symbol                                            File
OutFR                                             obj/global.o
                                                  obj/EinAusgabeUSB.o
OutHFR                                            obj/global.o
                                                  obj/EinAusgabeUSB.o
                                                  obj/df.o
OutHL                                             obj/global.o
                                                  obj/EinAusgabeUSB.o
                                                  obj/df.o
OutHR                                             obj/global.o
                                                  obj/EinAusgabeUSB.o
                                                  obj/df.o
OutHS                                             obj/global.o
                                                  obj/EinAusgabeUSB.o
                                                  obj/df.o
OutHV                                             obj/global.o
                                                  obj/EinAusgabeUSB.o
                                                  obj/df.o
OutL                                              obj/global.o
                                                  obj/EinAusgabeUSB.o
OutR                                              obj/global.o
                                                  obj/EinAusgabeUSB.o
OutS                                              obj/global.o
                                                  obj/EinAusgabeUSB.o
OutV                                              obj/global.o
                                                  obj/EinAusgabeUSB.o
__bad_interrupt                                   c:/winavr-20100110/bin/../lib/gcc/avr/4.3.3/../../../../avr/lib/avr5/crtm32.o
__brkval                                          c:/winavr-20100110/bin/../lib/gcc/avr/4.3.3/../../../../avr/lib/avr5\libc.a(malloc.o)
                                                  obj/cc-lib.o
__bss_end                                         c:/winavr-20100110/bin/../lib/gcc/avr/4.3.3/avr5\libgcc.a(_clear_bss.o)
__bss_start                                       c:/winavr-20100110/bin/../lib/gcc/avr/4.3.3/avr5\libgcc.a(_clear_bss.o)
__data_end                                        c:/winavr-20100110/bin/../lib/gcc/avr/4.3.3/avr5\libgcc.a(_copy_data.o)
__data_load_start                                 c:/winavr-20100110/bin/../lib/gcc/avr/4.3.3/avr5\libgcc.a(_copy_data.o)
__data_start                                      c:/winavr-20100110/bin/../lib/gcc/avr/4.3.3/avr5\libgcc.a(_copy_data.o)
__divmodhi4                                       c:/winavr-20100110/bin/../lib/gcc/avr/4.3.3/avr5\libgcc.a(_divmodhi4.o)
                                                  obj/cc-lib.o
                                                  obj/myFunktions.o
                                                  obj/EinAusgabeUSB.o
__do_clear_bss                                    c:/winavr-20100110/bin/../lib/gcc/avr/4.3.3/avr5\libgcc.a(_clear_bss.o)
                                                  c:/winavr-20100110/bin/../lib/gcc/avr/4.3.3/../../../../avr/lib/avr5\libc.a(malloc.o)
                                                  obj/myFunktions.o
                                                  obj/df.o
                                                  obj/uart.o
                                                  obj/global.o
__do_copy_data                                    c:/winavr-20100110/bin/../lib/gcc/avr/4.3.3/avr5\libgcc.a(_copy_data.o)
                                                  c:/winavr-20100110/bin/../lib/gcc/avr/4.3.3/../../../../avr/lib/avr5\libc.a(malloc.o)
                                                  obj/cc-lib.o
                                                  obj/EinAusgabeUSB.o
                                                  obj/df.o
                                                  obj/global.o
                                                  obj/zyklus.o
__eerd_byte_m32                                   c:/winavr-20100110/bin/../lib/gcc/avr/4.3.3/../../../../avr/lib/avr5\libc.a(eerd_byte_atmega32.o)
                                                  obj/EinAusgabeUSB.o
__eewr_byte_m32                                   c:/winavr-20100110/bin/../lib/gcc/avr/4.3.3/../../../../avr/lib/avr5\libc.a(eewr_byte_atmega32.o)
                                                  obj/df.o
__eewr_r18_m32                                    c:/winavr-20100110/bin/../lib/gcc/avr/4.3.3/../../../../avr/lib/avr5\libc.a(eewr_byte_atmega32.o)
__flp                                             c:/winavr-20100110/bin/../lib/gcc/avr/4.3.3/../../../../avr/lib/avr5\libc.a(malloc.o)
__heap_end                                        c:/winavr-20100110/bin/../lib/gcc/avr/4.3.3/../../../../avr/lib/avr5/crtm32.o
                                                  c:/winavr-20100110/bin/../lib/gcc/avr/4.3.3/../../../../avr/lib/avr5\libc.a(malloc.o)
__heap_start                                      c:/winavr-20100110/bin/../lib/gcc/avr/4.3.3/../../../../avr/lib/avr5\libc.a(malloc.o)
                                                  obj/cc-lib.o
__init                                            c:/winavr-20100110/bin/../lib/gcc/avr/4.3.3/../../../../avr/lib/avr5/crtm32.o
__malloc_heap_end                                 c:/winavr-20100110/bin/../lib/gcc/avr/4.3.3/../../../../avr/lib/avr5\libc.a(malloc.o)
__malloc_heap_start                               c:/winavr-20100110/bin/../lib/gcc/avr/4.3.3/../../../../avr/lib/avr5\libc.a(malloc.o)
__malloc_margin                                   c:/winavr-20100110/bin/../lib/gcc/avr/4.3.3/../../../../avr/lib/avr5\libc.a(malloc.o)
__mulhi_const_10                                  c:/winavr-20100110/bin/../lib/gcc/avr/4.3.3/../../../../avr/lib/avr5\libc.a(mul10.o)
                                                  c:/winavr-20100110/bin/../lib/gcc/avr/4.3.3/../../../../avr/lib/avr5\libc.a(atoi.o)
__stack                                           c:/winavr-20100110/bin/../lib/gcc/avr/4.3.3/../../../../avr/lib/avr5/crtm32.o
__udivmodhi4                                      c:/winavr-20100110/bin/../lib/gcc/avr/4.3.3/avr5\libgcc.a(_udivmodhi4.o)
                                                  c:/winavr-20100110/bin/../lib/gcc/avr/4.3.3/../../../../avr/lib/avr5\libc.a(itoa.o)
                                                  c:/winavr-20100110/bin/../lib/gcc/avr/4.3.3/avr5\libgcc.a(_divmodhi4.o)
                                                  obj/myFunktions.o
                                                  obj/EinAusgabeUSB.o
                                                  obj/df.o
__vector_1                                        c:/winavr-20100110/bin/../lib/gcc/avr/4.3.3/../../../../avr/lib/avr5/crtm32.o
__vector_10                                       c:/winavr-20100110/bin/../lib/gcc/avr/4.3.3/../../../../avr/lib/avr5/crtm32.o
__vector_11                                       c:/winavr-20100110/bin/../lib/gcc/avr/4.3.3/../../../../avr/lib/avr5/crtm32.o
__vector_12                                       c:/winavr-20100110/bin/../lib/gcc/avr/4.3.3/../../../../avr/lib/avr5/crtm32.o
__vector_13                                       obj/uart.o
                                                  c:/winavr-20100110/bin/../lib/gcc/avr/4.3.3/../../../../avr/lib/avr5/crtm32.o
__vector_14                                       obj/uart.o
                                                  c:/winavr-20100110/bin/../lib/gcc/avr/4.3.3/../../../../avr/lib/avr5/crtm32.o
__vector_15                                       c:/winavr-20100110/bin/../lib/gcc/avr/4.3.3/../../../../avr/lib/avr5/crtm32.o
__vector_16                                       c:/winavr-20100110/bin/../lib/gcc/avr/4.3.3/../../../../avr/lib/avr5/crtm32.o
__vector_17                                       c:/winavr-20100110/bin/../lib/gcc/avr/4.3.3/../../../../avr/lib/avr5/crtm32.o
__vector_18                                       c:/winavr-20100110/bin/../lib/gcc/avr/4.3.3/../../../../avr/lib/avr5/crtm32.o
__vector_19                                       c:/winavr-20100110/bin/../lib/gcc/avr/4.3.3/../../../../avr/lib/avr5/crtm32.o
__vector_2                                        c:/winavr-20100110/bin/../lib/gcc/avr/4.3.3/../../../../avr/lib/avr5/crtm32.o
__vector_20                                       c:/winavr-20100110/bin/../lib/gcc/avr/4.3.3/../../../../avr/lib/avr5/crtm32.o
__vector_3                                        c:/winavr-20100110/bin/../lib/gcc/avr/4.3.3/../../../../avr/lib/avr5/crtm32.o
__vector_4                                        obj/zyklus.o
                                                  c:/winavr-20100110/bin/../lib/gcc/avr/4.3.3/../../../../avr/lib/avr5/crtm32.o
__vector_5                                        c:/winavr-20100110/bin/../lib/gcc/avr/4.3.3/../../../../avr/lib/avr5/crtm32.o
__vector_6                                        c:/winavr-20100110/bin/../lib/gcc/avr/4.3.3/../../../../avr/lib/avr5/crtm32.o
__vector_7                                        c:/winavr-20100110/bin/../lib/gcc/avr/4.3.3/../../../../avr/lib/avr5/crtm32.o
__vector_8                                        c:/winavr-20100110/bin/../lib/gcc/avr/4.3.3/../../../../avr/lib/avr5/crtm32.o
__vector_9                                        c:/winavr-20100110/bin/../lib/gcc/avr/4.3.3/../../../../avr/lib/avr5/crtm32.o
__vector_default                                  c:/winavr-20100110/bin/../lib/gcc/avr/4.3.3/../../../../avr/lib/avr5/crtm32.o
__vectors                                         c:/winavr-20100110/bin/../lib/gcc/avr/4.3.3/../../../../avr/lib/avr5/crtm32.o
_div                                              c:/winavr-20100110/bin/../lib/gcc/avr/4.3.3/avr5\libgcc.a(_divmodhi4.o)
_exit                                             c:/winavr-20100110/bin/../lib/gcc/avr/4.3.3/avr5\libgcc.a(_exit.o)
abstandlinks                                      obj/myFunktions.o
                                                  obj/global.o
                                                  obj/CrazyCar-V1.31.o
abstandrechts                                     obj/myFunktions.o
                                                  obj/global.o
                                                  obj/CrazyCar-V1.31.o
abstandvorne                                      obj/myFunktions.o
                                                  obj/global.o
                                                  obj/CrazyCar-V1.31.o
abtastzeit                                        obj/global.o
                                                  obj/EinAusgabeUSB.o
                                                  obj/df.o
                                                  obj/zyklus.o
                                                  obj/CrazyCar-V1.31.o
abtastzeitMAX                                     obj/global.o
                                                  obj/EinAusgabeUSB.o
                                                  obj/df.o
abtastzeitMAXText                                 obj/global.o
                                                  obj/EinAusgabeUSB.o
adc                                               obj/adc.o
                                                  obj/myFunktions.o
                                                  obj/CrazyCar-V1.31.o
adc_init                                          obj/adc.o
                                                  obj/df.o
akkuSpannungPruefen                               obj/myFunktions.o
                                                  obj/CrazyCar-V1.31.o
al                                                obj/myFunktions.o
analogwertAkku                                    obj/myFunktions.o
                                                  obj/EinAusgabeUSB.o
                                                  obj/global.o
                                                  obj/CrazyCar-V1.31.o
analogwertL                                       obj/df.o
                                                  obj/global.o
                                                  obj/CrazyCar-V1.31.o
analogwertR                                       obj/df.o
                                                  obj/global.o
                                                  obj/CrazyCar-V1.31.o
analogwertV                                       obj/df.o
                                                  obj/global.o
                                                  obj/CrazyCar-V1.31.o
anzahl                                            obj/global.o
                                                  obj/EinAusgabeUSB.o
ar                                                obj/myFunktions.o
atoi                                              c:/winavr-20100110/bin/../lib/gcc/avr/4.3.3/../../../../avr/lib/avr5\libc.a(atoi.o)
                                                  obj/EinAusgabeUSB.o
ausgabeUSB2                                       obj/EinAusgabeUSB.o
                                                  obj/df.o
ausgabehistory                                    obj/EinAusgabeUSB.o
av                                                obj/myFunktions.o
b                                                 obj/global.o
                                                  obj/myFunktions.o
back                                              obj/myFunktions.o
befehl                                            obj/EinAusgabeUSB.o
                                                  obj/global.o
blinkT                                            obj/global.o
                                                  obj/myFunktions.o
cnt1_top                                          obj/zyklus.o
convert                                           obj/EinAusgabeUSB.o
                                                  obj/df.o
                                                  obj/global.o
datenSatzZaehler                                  obj/df.o
                                                  obj/EinAusgabeUSB.o
                                                  obj/CrazyCar-V1.31.o
datenspeichern                                    obj/df.o
                                                  obj/CrazyCar-V1.31.o
e                                                 obj/global.o
eingabe                                           obj/EinAusgabeUSB.o
                                                  obj/global.o
eingabeUSB                                        obj/EinAusgabeUSB.o
                                                  obj/df.o
exit                                              c:/winavr-20100110/bin/../lib/gcc/avr/4.3.3/avr5\libgcc.a(_exit.o)
                                                  c:/winavr-20100110/bin/../lib/gcc/avr/4.3.3/../../../../avr/lib/avr5/crtm32.o
fahr                                              obj/cc-lib.o
                                                  obj/myFunktions.o
                                                  obj/EinAusgabeUSB.o
                                                  obj/global.o
                                                  obj/CrazyCar-V1.31.o
fahren1                                           obj/myFunktions.o
                                                  obj/CrazyCar-V1.31.o
fahren2                                           obj/myFunktions.o
                                                  obj/CrazyCar-V1.31.o
fahren3                                           obj/myFunktions.o
                                                  obj/CrazyCar-V1.31.o
free                                              c:/winavr-20100110/bin/../lib/gcc/avr/4.3.3/../../../../avr/lib/avr5\libc.a(malloc.o)
freeRAMText                                       obj/global.o
                                                  obj/cc-lib.o
                                                  obj/EinAusgabeUSB.o
freeRam                                           obj/cc-lib.o
                                                  obj/EinAusgabeUSB.o
getFahr                                           obj/EinAusgabeUSB.o
getServo                                          obj/EinAusgabeUSB.o
hAFR                                              obj/df.o
hAL                                               obj/df.o
hAR                                               obj/df.o
hAS                                               obj/df.o
hAV                                               obj/df.o
hAabtastzeit                                      obj/global.o
                                                  obj/df.o
histerese                                         obj/myFunktions.o
history                                           obj/global.o
                                                  obj/EinAusgabeUSB.o
                                                  obj/df.o
historyAverageFR                                  obj/df.o
historyAverageL                                   obj/df.o
historyAverageR                                   obj/df.o
historyAverageS                                   obj/df.o
historyAverageV                                   obj/df.o
historyAzMAX                                      obj/df.o
                                                  obj/EinAusgabeUSB.o
historyDepthFR                                    obj/df.o
                                                  obj/EinAusgabeUSB.o
historyDepthL                                     obj/df.o
                                                  obj/EinAusgabeUSB.o
historyDepthPointer                               obj/df.o
                                                  obj/EinAusgabeUSB.o
                                                  obj/CrazyCar-V1.31.o
historyDepthR                                     obj/df.o
                                                  obj/EinAusgabeUSB.o
historyDepthS                                     obj/df.o
                                                  obj/EinAusgabeUSB.o
historyDepthV                                     obj/df.o
                                                  obj/EinAusgabeUSB.o
hspStart                                          obj/global.o
                                                  obj/EinAusgabeUSB.o
                                                  obj/df.o
                                                  obj/CrazyCar-V1.31.o
info1kommandos                                    obj/global.o
                                                  obj/EinAusgabeUSB.o
initFahr                                          obj/cc-lib.o
                                                  obj/CrazyCar-V1.31.o
initMikroController                               obj/df.o
                                                  obj/CrazyCar-V1.31.o
initServo                                         obj/cc-lib.o
                                                  obj/CrazyCar-V1.31.o
init_Timer2                                       obj/zyklus.o
                                                  obj/df.o
init_pwm                                          obj/zyklus.o
itoa                                              c:/winavr-20100110/bin/../lib/gcc/avr/4.3.3/../../../../avr/lib/avr5\libc.a(itoa.o)
                                                  obj/cc-lib.o
                                                  obj/EinAusgabeUSB.o
j                                                 obj/global.o
                                                  obj/EinAusgabeUSB.o
kommand                                           obj/global.o
                                                  obj/cc-lib.o
                                                  obj/EinAusgabeUSB.o
kommandoText                                      obj/global.o
                                                  obj/EinAusgabeUSB.o
kommandos                                         obj/global.o
                                                  obj/EinAusgabeUSB.o
ledPB1                                            obj/df.o
                                                  obj/myFunktions.o
                                                  obj/CrazyCar-V1.31.o
ledPB1_flash                                      obj/df.o
ledPB2                                            obj/df.o
                                                  obj/myFunktions.o
                                                  obj/EinAusgabeUSB.o
                                                  obj/CrazyCar-V1.31.o
ledPB2_flash                                      obj/df.o
ledPC2                                            obj/df.o
                                                  obj/myFunktions.o
                                                  obj/CrazyCar-V1.31.o
ledPC2_flash                                      obj/df.o
                                                  obj/CrazyCar-V1.31.o
ledPC3                                            obj/df.o
                                                  obj/myFunktions.o
                                                  obj/CrazyCar-V1.31.o
ledPC3_flash                                      obj/df.o
                                                  obj/CrazyCar-V1.31.o
ledSchalterTest                                   obj/myFunktions.o
linearisierungAD                                  obj/myFunktions.o
                                                  obj/EinAusgabeUSB.o
linearisierungAD_links                            obj/myFunktions.o
                                                  obj/CrazyCar-V1.31.o
linearisierungAD_rechts                           obj/myFunktions.o
                                                  obj/CrazyCar-V1.31.o
linearisierungAD_vorne                            obj/myFunktions.o
                                                  obj/CrazyCar-V1.31.o
logCmOnOff                                        obj/global.o
                                                  obj/EinAusgabeUSB.o
logOnOff                                          obj/global.o
                                                  obj/EinAusgabeUSB.o
                                                  obj/df.o
logStart                                          obj/global.o
                                                  obj/EinAusgabeUSB.o
m1                                                obj/global.o
                                                  obj/myFunktions.o
m2                                                obj/global.o
                                                  obj/myFunktions.o
main                                              obj/CrazyCar-V1.31.o
                                                  c:/winavr-20100110/bin/../lib/gcc/avr/4.3.3/../../../../avr/lib/avr5/crtm32.o
malloc                                            c:/winavr-20100110/bin/../lib/gcc/avr/4.3.3/../../../../avr/lib/avr5\libc.a(malloc.o)
maxFahr                                           obj/cc-lib.o
                                                  obj/global.o
mod                                               obj/global.o
                                                  obj/EinAusgabeUSB.o
                                                  obj/CrazyCar-V1.31.o
modTEXT                                           obj/global.o
                                                  obj/EinAusgabeUSB.o
pReglerServoRechts                                obj/myFunktions.o
pruefeWerteBereich                                obj/EinAusgabeUSB.o
pwm_init                                          obj/pwm.o
                                                  obj/df.o
rueckwaerts                                       obj/cc-lib.o
s1                                                obj/df.o
                                                  obj/myFunktions.o
                                                  obj/CrazyCar-V1.31.o
s2                                                obj/df.o
                                                  obj/CrazyCar-V1.31.o
s3                                                obj/df.o
                                                  obj/CrazyCar-V1.31.o
s4                                                obj/df.o
                                                  obj/CrazyCar-V1.31.o
servo                                             obj/cc-lib.o
                                                  obj/myFunktions.o
                                                  obj/EinAusgabeUSB.o
                                                  obj/CrazyCar-V1.31.o
servoG                                            obj/cc-lib.o
                                                  obj/EinAusgabeUSB.o
                                                  obj/global.o
servoML                                           obj/cc-lib.o
                                                  obj/EinAusgabeUSB.o
                                                  obj/global.o
servoMR                                           obj/cc-lib.o
                                                  obj/EinAusgabeUSB.o
                                                  obj/global.o
sollwert                                          obj/global.o
strcat                                            c:/winavr-20100110/bin/../lib/gcc/avr/4.3.3/../../../../avr/lib/avr5\libc.a(strcat.o)
                                                  obj/cc-lib.o
                                                  obj/EinAusgabeUSB.o
strcpy                                            c:/winavr-20100110/bin/../lib/gcc/avr/4.3.3/../../../../avr/lib/avr5\libc.a(strcpy.o)
                                                  obj/EinAusgabeUSB.o
strrev                                            c:/winavr-20100110/bin/../lib/gcc/avr/4.3.3/../../../../avr/lib/avr5\libc.a(strrev.o)
                                                  c:/winavr-20100110/bin/../lib/gcc/avr/4.3.3/../../../../avr/lib/avr5\libc.a(itoa.o)
tab                                               obj/global.o
                                                  obj/cc-lib.o
                                                  obj/EinAusgabeUSB.o
terminal_aktiv                                    obj/df.o
                                                  obj/CrazyCar-V1.31.o
testServo                                         obj/cc-lib.o
text3                                             obj/global.o
                                                  obj/EinAusgabeUSB.o
text4                                             obj/global.o
                                                  obj/EinAusgabeUSB.o
textF                                             obj/global.o
                                                  obj/EinAusgabeUSB.o
texth                                             obj/cc-lib.o
                                                  obj/EinAusgabeUSB.o
                                                  obj/global.o
uart_getc                                         obj/uart.o
                                                  obj/cc-lib.o
                                                  obj/EinAusgabeUSB.o
uart_init                                         obj/uart.o
                                                  obj/df.o
uart_putc                                         obj/uart.o
                                                  obj/cc-lib.o
                                                  obj/EinAusgabeUSB.o
                                                  obj/df.o
uart_puts                                         obj/uart.o
                                                  obj/cc-lib.o
                                                  obj/EinAusgabeUSB.o
                                                  obj/df.o
uart_puts_p                                       obj/uart.o
warte_ms                                          obj/df.o
                                                  obj/cc-lib.o
                                                  obj/myFunktions.o
warte_sekunden                                    obj/df.o
welcome                                           obj/global.o
                                                  obj/df.o
wert                                              obj/cc-lib.o
                                                  obj/EinAusgabeUSB.o
                                                  obj/global.o
y                                                 obj/global.o
zeichen                                           obj/cc-lib.o
                                                  obj/EinAusgabeUSB.o
                                                  obj/global.o
